// Jest Snapshot v1, https://goo.gl/fbAQLP

exports[`Test Snapshot 1`] = `
Array [
  <div
    className=""
  >
    <nav
      className="navbar navbar-expand-sm navbar-light bg-light"
    >
      <a
        className="navbar-brand"
        href="/"
        onClick={[Function]}
      >
        UWUdemy
      </a>
      <button
        aria-controls="navbarSupportedContent"
        aria-expanded="false"
        aria-label="Toggle navigation"
        className="navbar-toggler"
        data-target="#navbarSupportedContent"
        data-toggle="collapse"
        type="button"
      >
        <span
          className="navbar-toggler-icon"
        />
      </button>
      <div
        className="collapse navbar-collapse"
        id="navbarSupportedContent"
      >
        <ul
          className="navbar-nav mr-auto"
        >
          <li
            className="nav-item"
          >
            <a
              className="nav-link"
              href="/"
              onClick={[Function]}
            >
              Home 
              <span
                className="sr-only"
              >
                (current)
              </span>
            </a>
          </li>
          <li
            className="nav-item"
          >
            <a
              className="nav-link"
              data-testid="link to product"
              href="/products"
              onClick={[Function]}
            >
              Products
            </a>
          </li>
          <li
            className="nav-item"
          >
            <a
              className="nav-link"
              href="/cart"
              onClick={[Function]}
            >
              Cart
            </a>
          </li>
        </ul>
        <ul
          className="navbar-nav"
        >
          <li
            className="nav-item"
          >
            <a
              className="nav-link"
              href="/about"
              onClick={[Function]}
            >
              About
            </a>
          </li>
          <li
            className="nav-item"
          >
            <a
              className="nav-link"
              href="/contact-us"
              onClick={[Function]}
            >
              Contact Us
            </a>
          </li>
        </ul>
      </div>
    </nav>
  </div>,
  <div>
    <div
      className="container"
      style={
        Object {
          "paddingBottom": "50px",
        }
      }
    >
      <h2>
        Home
      </h2>
      <div
        className="jumbotron"
      >
        <h1
          className="display-4"
        >
          UWUdemy
        </h1>
        <p
          className="lead"
        >
          Kursus Online. Belajar Koding
        </p>
        <hr
          className="my-4"
        />
        <p>
          Pelajari topik apa saja, kapan saja. Jelajahi ribuan kursus masing-masing mulai US$12,99.
        </p>
        <p
          className="lead"
        >
          <a
            className="btn btn-primary btn-lg"
            href="/products"
            onClick={[Function]}
          >
            Lihat Semua Kelas
          </a>
        </p>
      </div>
      <div
        className="row"
      >
        <div
          className="col-md-4"
        >
          <strong>
            100.000 kursus online
          </strong>
          <br />
          <span>
            Nikmati berbagai topik baru
          </span>
        </div>
        <div
          className="col-md-4"
        >
          <strong>
            Instruksi dari pakarnya
          </strong>
          <br />
          <span>
            Temukan instruktur yang tepat untuk Anda
          </span>
        </div>
        <div
          className="col-md-4"
        >
          <strong>
            Akses seumur hidup
          </strong>
          <br />
          <span>
            Belajar sesuai jadwal Anda
          </span>
        </div>
      </div>
    </div>
  </div>,
]
`;
